app - some brief description

USAGE: app [OPTIONS...] [OPERANDS...]

this is a very long description

Options:
  --balance=balance         Sets the balance value.
  -a amount                 Sets the amount value.
  -h, --help                Show this help message.
  -i, --aint=int            Sets a int value.
  -s, --astring=string      Sets a string value.
